# Operation: Direct Output
# Output: Temperature
# Domain: SinglePoint(point=Point(0.5,0.5))
# Sampling: SinglePointSampleSet(show_x=False,show_y=False)
# Columns:
# 1. Temperature
# time: 0.0
0.0
# time: 0.10000000000000001
0.285863666325
# time: 0.20000000000000001
0.459068257318
# time: 0.30000000000000004
0.579966254449
# time: 0.40000000000000002
0.672964841776
# time: 0.5
0.74530073867
# time: 0.60000000000000009
0.801632067521
# time: 0.70000000000000007
0.845505271486
# time: 0.80000000000000004
0.879675144058
# time: 0.90000000000000002
0.906288082768
# time: 1.0
0.927015563252
# time: 1.1000000000000001
0.943159272393
# time: 1.2000000000000002
0.955732771357
# time: 1.3
0.965524973407
# time: 1.4000000000000001
0.973151213015
# time: 1.5
0.979090663534
# time: 1.6000000000000001
0.983716471362
# time: 1.7000000000000002
0.987319220301
# time: 1.8
0.990125202492
# time: 1.9000000000000001
0.992310645517
# time: 2.0
0.994013039697
# time: 2.1000000000000001
0.995338530204
# time: 2.2000000000000002
0.996370562095
# time: 2.3000000000000003
0.997174106005
# time: 2.4000000000000004
0.997799748314
# time: 2.5
0.998286875767
# time: 2.6000000000000001
0.998666155033
# time: 2.7000000000000002
0.998961463295
# time: 2.8000000000000003
0.999191391418
# time: 2.9000000000000004
0.999370414318
# time: 3.0
0.999509802222
